---
source: crates/hoppy-cli/tests/e2e/cli_container.rs
expression: "String::from_utf8_lossy(&output.stdout)"
---
[
  {
    "Id": "DE",
    "Name": "DE",
    "Group": "EU",
    "HasAnycastSupport": true,
    "HasCapacity": true
  },
  {
    "Id": "AMS",
    "Name": "AMS",
    "Group": "EU",
    "HasAnycastSupport": true,
    "HasCapacity": true
  },
  {
    "Id": "HK",
    "Name": "HK",
    "Group": "APAC",
    "HasAnycastSupport": false,
    "HasCapacity": true
  }
]
