---
source: tests/e2e/cli_container.rs
expression: "String::from_utf8_lossy(&output.stdout)"
---
+-----------------+-----------+--------+
| ID              | Name      | Status |
+-----------------+-----------+--------+
| HbqFNk0KZjzYOcp | stova-api | Active |
+-----------------+-----------+--------+
| cm7XE04UfPYTKxu | stova-web | Active |
+-----------------+-----------+--------+
