---
source: crates/hoppy-cli/tests/e2e/cli_container.rs
expression: "String::from_utf8_lossy(&output.stdout)"
---
+--------------------+------------------------+
| Field              | Value                  |
+--------------------+------------------------+
| id                 | l3faCv1fWRHAYNU        |
+--------------------+------------------------+
| name               | hoppy-test-fixture-tmp |
+--------------------+------------------------+
| status             | progressing            |
+--------------------+------------------------+
| runtimeType        | shared                 |
+--------------------+------------------------+
| regionSettings     | <object: 4 fields>     |
+--------------------+------------------------+
| containerTemplates | <1 item>               |
+--------------------+------------------------+
| containerInstances | <1 item>               |
+--------------------+------------------------+
| volumes            | <empty list>           |
+--------------------+------------------------+
| displayEndpoint    | -                      |
+--------------------+------------------------+
| autoScaling        | <object: 2 fields>     |
+--------------------+------------------------+
| networkSettings    | <object: 2 fields>     |
+--------------------+------------------------+
| repositorySettings | <object: 3 fields>     |
+--------------------+------------------------+
