---
source: crates/hoppy-cli/tests/e2e/cli_container.rs
assertion_line: 2205
expression: "String::from_utf8_lossy(&output.stdout)"
---
Stream live syslog output from a Magic Containers application.

NOTE: As of 2026-05-15 this command may fail at the log-forwarding-create step with an empty-body 400 from the bunny.net API. Tracking in backlog/log-forwarding-create-empty-400.md.

How it works ============ hoppy binds a local TCP syslog listener, exposes it via a tunnel so that Bunny's log-forwarding service can reach it, creates a temporary log-forwarding configuration for your application, then streams the incoming syslog messages to your terminal. On Ctrl-C (or any error) the forwarding configuration is deleted and the tunnel is torn down.

Bunny delivers logs with a 10–30 s delay after the forwarding configuration is active — wait a moment before concluding that nothing is arriving.

Tunnel options ============== • bore (default)   — shells out to the `bore` binary, which opens a reverse tunnel through bore.pub.  Install: `cargo install bore-cli` or `brew install bore-cli`. WARNING: bore.pub is a third-party relay run by the bore project. For sensitive logs prefer --tunnel-host or --tunnel none.

• --tunnel none    — no tunnel is created; hoppy prints the local address so you can configure your own ingress (VPN, public IP, etc.).

• --tunnel-host <host:port> You have already opened a tunnel (e.g. `ssh -R 5514:localhost:5514 user@vps.example.com`) and want hoppy to register that public address with Bunny.  Pass the public endpoint as host:port.

Examples ======== # Default — bore tunnel through bore.pub hoppy container logs --id my-app-id

# No tunnel — use your own ingress hoppy container logs --id my-app-id --tunnel none

# Pre-established SSH tunnel ssh -R 5514:localhost:5514 user@vps.example.com & hoppy container logs --id my-app-id --tunnel-host vps.example.com:5514

Usage: hoppy container logs [OPTIONS] --id <ID>

Options:
      --format <FORMAT>
          Output format
          
          [default: table]
          [possible values: json, table, text]

      --id <ID>
          Container app ID to stream logs from

      --debug
          Enable debug output (shows HTTP requests)

      --tunnel <TUNNEL>
          Tunnel provider.  Use "bore" (default) to expose the local listener via bore.pub, or "none" if you have your own ingress. Conflicts with --tunnel-host
          
          [default: bore]
          [possible values: bore, none]

      --quiet
          Suppress non-essential output. On predicate commands (`auth check`, `db ping`) the stdout payload is suppressed on success — the exit code carries the signal. On data commands the primary payload still prints; only hints/progress bars are hidden

      --tunnel-host <TUNNEL_HOST>
          Static public endpoint for a pre-established tunnel (host:port). When set, hoppy registers this address with Bunny and listens locally.  Conflicts with --tunnel. Example: --tunnel-host vps.example.com:5514

      --local-port <LOCAL_PORT>
          Local TCP port for the syslog listener.  0 = kernel-assigned (default)
          
          [default: 0]

  -y, --yes
          Skip confirmation prompts

      --replace-existing
          Overwrite an existing log-forwarding configuration and restore it on clean exit

      --reveal
          Reveal redacted secrets in output (env values, passwords, tokens). Off by default for safety; opt in explicitly

      --follow
          Accept the --follow flag for forward-compatibility (no-op; the command always follows)

      --reveal-env <KEY>
          Reveal a specific env-var by name (case-insensitive). Repeatable. Useful when you want one variable but not all secrets

      --bore-server <BORE_SERVER>
          Bore relay server host.  Defaults to bore.pub.  Use this to point at a self-hosted bore server

      --no-hints
          Suppress drill-down hints (next-step suggestions) on stderr. `--format json` implies this so machine output stays clean

      --record <DIR>
          Record API responses as JSON fixtures under `<DIR>/<domain>/` (one subdirectory per service: core, compute, containers, database, shield, storage, stream). Writes are idempotent — unchanged files are left alone. May also be set via `HOPPY_RECORD_DIR=<DIR>`

      --no-redact
          Disable PII redaction in `--record` fixtures. Off by default. The raw output may contain billing balances, emails, payment IDs, and signed URLs — do not commit it. May also be set via `HOPPY_NO_REDACT=1`
          
          [env: HOPPY_NO_REDACT=]

  -h, --help
          Print help (see a summary with '-h')
