---
source: tests/e2e/cli_shield.rs
expression: "String::from_utf8_lossy(&output.stdout)"
---
[
  {
    "id": 7001,
    "shield_zone_id": 55001,
    "rule_name": "Block SQL Injection",
    "action_type": "Block"
  },
  {
    "id": 7002,
    "shield_zone_id": 55001,
    "rule_name": "Log XSS Attempts",
    "action_type": "LogOnly"
  }
]
