---
source: tests/e2e/cli_container.rs
expression: "String::from_utf8_lossy(&output.stdout)"
---
{
  "id": "l3faCv1fWRHAYNU",
  "name": "hoppy-test-fixture-tmp",
  "status": "progressing",
  "runtimeType": "shared",
  "regionSettings": {
    "allowedRegionIds": [
      "DE"
    ],
    "requiredRegionIds": [
      "DE"
    ],
    "maxAllowedRegions": 5,
    "provisioningType": "static"
  },
  "containerTemplates": [
    {
      "id": "l3faCv1fWRHAYNU-I7t6",
      "name": "nginx",
      "packageId": "d2c1b95e-65e7-42a3-adb3-d27d9d1a4f72",
      "image": "library/nginx:alpine",
      "imageName": "nginx",
      "imageNamespace": "library",
      "imageTag": "alpine",
      "imageRegistryId": "1155",
      "imageDigest": "",
      "imagePullPolicy": "ifNotPresent",
      "entryPoint": {
        "command": "",
        "commandArray": [],
        "arguments": "",
        "argumentsArray": [],
        "workingDirectory": ""
      },
      "probes": {
        "startup": null,
        "readiness": null,
        "liveness": null
      },
      "environmentVariables": [],
      "endpoints": [],
      "volumeMounts": []
    }
  ],
  "containerInstances": [
    {
      "id": "docker:c056632bdb5c0b1d8413d854e3bb127ea75fb5c69a8be89339b43eca67ed2a27",
      "templateId": "l3faCv1fWRHAYNU-I7t6",
      "podId": "eDf3ws1l6Sjtfc",
      "nodeIpAddress": "185.111.111.129"
    }
  ],
  "volumes": [],
  "displayEndpoint": null,
  "autoScaling": {
    "min": 1,
    "max": 1
  },
  "networkSettings": {
    "ingressBandwidthLimit": 1000000000,
    "egressBandwidthLimit": 1000000000
  },
  "repositorySettings": {
    "templateRepository": null,
    "repositoryName": null,
    "owner": null
  }
}
