---
source: tests/e2e/cli_database.rs
expression: "String::from_utf8_lossy(&output.stdout)"
---
{
  "id": "db_01HX0000000000000000000001",
  "name": "my-app",
  "url": "libsql://group_01-my-app.lite.bunnydb.net/",
  "group_id": "group_01HX0000000000000000000001",
  "group_name": "EU",
  "version": "0.24.30",
  "block_reads": false,
  "block_writes": false,
  "allow_attach": false,
  "is_schema": false,
  "schema": "-",
  "current_size": "16384",
  "size_max": "10737418240"
}
