// Bun Snapshot v1, https://bun.sh/docs/test/snapshots

exports[`Pull Zone Lifecycle create 1`] = `
{
  "CacheExpirationTime": 0,
  "CacheVersion": Any<Number>,
  "CnameDomain": "b-cdn.net",
  "EnableGeoZoneAf": false,
  "EnableGeoZoneAsia": false,
  "EnableGeoZoneEu": false,
  "EnableGeoZoneSa": false,
  "EnableGeoZoneUs": false,
  "Enabled": true,
  "Hostnames": Any<Array>,
  "Id": Any<Number>,
  "MonthlyBandwidthLimit": 0,
  "MonthlyBandwidthUsed": 0,
  "Name": Any<String>,
  "OriginType": 0,
  "OriginUrl": "https://example.com",
  "StorageZoneId": 0,
  "Suspended": false,
  "ZoneSecurityEnabled": false,
  "ZoneType": null,
}
`;
