---
source: tests/cli_shield.rs
expression: "String::from_utf8_lossy(&output.stdout)"
---
{
  "id": 7001,
  "shieldZoneId": 55001,
  "userId": "user-abc-123",
  "ruleName": "Block SQL Injection",
  "ruleDescription": "Blocks common SQL injection patterns",
  "ruleJson": null,
  "ruleConfiguration": {
    "actionType": 1,
    "operatorType": 2,
    "severityType": 2,
    "value": "SELECT"
  },
  "errorResponse": null
}
