---
source: tests/cli_storage.rs
expression: "String::from_utf8_lossy(&output.stdout)"
---
[
  {
    "Guid": "00000000-0000-0000-0000-000000000001",
    "StorageZoneName": "hoppy-test-zone",
    "Path": "/hoppy-test-zone/test-dir/",
    "ObjectName": "hello.txt",
    "Length": 23,
    "Checksum": "1E2EDD988B5BB04D20B846D94BB2C0ABDBA6A573C4EB10BB7754D8ADFEFC9138",
    "ReplicatedZones": "",
    "LastChanged": "2026-03-18T02:13:13.751",
    "IsDirectory": false,
    "ServerId": 0,
    "ArrayNumber": 0,
    "StorageZoneId": 9099,
    "DateCreated": "2026-03-18T02:13:13.751",
    "UserId": "00000000-0000-0000-0000-000000000001",
    "ContentType": ""
  }
]
