---
source: tests/cli_auth.rs
expression: "String::from_utf8_lossy(&output.stdout)"
---
+--------------------+------------------------------------------+
| Field              | Value                                    |
+--------------------+------------------------------------------+
| API Key            | valid                                    |
+--------------------+------------------------------------------+
| Balance            | $42.5000                                 |
+--------------------+------------------------------------------+
| This Month Charges | $7.1200                                  |
+--------------------+------------------------------------------+
| Billing Enabled    | true                                     |
+--------------------+------------------------------------------+
| Auto Recharge      | enabled (threshold $5.00, amount $25.00) |
+--------------------+------------------------------------------+
| Payment Method     | Visa ****1234                            |
+--------------------+------------------------------------------+
| Monthly Bandwidth  | 10.00 GB                                 |
+--------------------+------------------------------------------+
