---
source: tests/cli_storage.rs
expression: "String::from_utf8_lossy(&output.stdout)"
---
+-----------+------+-----------+-------------------------+
| Name      | Size | Directory | Last Changed            |
+-----------+------+-----------+-------------------------+
| hello.txt | 23   | false     | 2026-03-18T02:13:13.751 |
+-----------+------+-----------+-------------------------+
